
> web-creator@1.0.0 build
> node scripts/build.mjs --production

Build completed successfully
